+ export PYTHONUNBUFFERED=1
+ PYTHONUNBUFFERED=1
+ export OMP_NUM_THREADS=1 OPENBLAS_NUM_THREADS=1 MKL_NUM_THREADS=1 NUMEXPR_NUM_THREADS=1
+ OMP_NUM_THREADS=1
+ OPENBLAS_NUM_THREADS=1
+ MKL_NUM_THREADS=1
+ NUMEXPR_NUM_THREADS=1
+ SCRIPT_DIR=/home/op98/protein_design/mGLI-pp_Oleksii/src/data/data_processing
+ SCRIPT_py=/home/op98/protein_design/mGLI-pp_Oleksii/src/data/data_processing/sasa_all.py
+ LOG_DIR=/home/op98/protein_design/mGLI-pp_Oleksii/src/data/data_processing/logs
+ VENV=/home/op98/venvs/sasa
+ mkdir -p /home/op98/protein_design/mGLI-pp_Oleksii/src/data/data_processing/logs
++ hostname
++ date
+ echo '[INFO] Host: r813u03n04.mccleary.ycrc.yale.edu  Date: Tue Oct 14 21:34:51 EDT 2025'
+ echo '[INFO] Working dir: /home/op98/protein_design/mGLI-pp_Oleksii/src/data/data_processing'
+ cd /home/op98/protein_design/mGLI-pp_Oleksii/src/data/data_processing
+ [[ -d /home/op98/venvs/sasa ]]
+ source /home/op98/venvs/sasa/bin/activate
++ deactivate nondestructive
++ '[' -n '' ']'
++ '[' -n '' ']'
++ hash -r
++ '[' -n '' ']'
++ unset VIRTUAL_ENV
++ unset VIRTUAL_ENV_PROMPT
++ '[' '!' nondestructive = nondestructive ']'
++ VIRTUAL_ENV=/home/op98/venvs/sasa
++ export VIRTUAL_ENV
++ _OLD_VIRTUAL_PATH=/home/op98/.local/bin:/home/op98/bin:/apps/bin:/opt/slurm/current/bin:/opt/lenovo/onecli:/usr/local/bin:/usr/bin:/usr/local/sbin:/usr/sbin
++ PATH=/home/op98/venvs/sasa/bin:/home/op98/.local/bin:/home/op98/bin:/apps/bin:/opt/slurm/current/bin:/opt/lenovo/onecli:/usr/local/bin:/usr/bin:/usr/local/sbin:/usr/sbin
++ export PATH
++ '[' -n '' ']'
++ '[' -z '' ']'
++ _OLD_VIRTUAL_PS1=
++ PS1='(sasa) '
++ export PS1
++ VIRTUAL_ENV_PROMPT='(sasa) '
++ export VIRTUAL_ENV_PROMPT
++ hash -r
+ echo '[INFO] Using venv: /home/op98/venvs/sasa'
+ which python
+ /usr/bin/which --tty-only --read-alias --read-functions --show-tilde --show-dot python
+ alias
+ eval declare -f
++ declare -f
+ python -V
+ python -c 'import sys,platform;print('\''Python OK on'\'',platform.node())'
+ python -c 'import Bio, Bio.PDB, pandas; print('\''Imports OK'\'')'
+ python -
+ python /home/op98/protein_design/mGLI-pp_Oleksii/src/data/data_processing/sasa_all.py
slurmstepd: error: *** JOB 60227950 ON r813u03n04 CANCELLED AT 2025-10-14T22:55:14 ***
