[INFO] Host: r813u03n04.mccleary.ycrc.yale.edu  Date: Tue Oct 14 21:34:51 EDT 2025
[INFO] Working dir: /home/op98/protein_design/mGLI-pp_Oleksii/src/data/data_processing
[INFO] Using venv: /home/op98/venvs/sasa
/home/op98/venvs/sasa/bin/python
Python 3.11.11
Python OK on r813u03n04.mccleary.ycrc.yale.edu
Imports OK
[INFO] Found 2839 PDBs under /home/op98/protein_design/dataset/PP/PP2
[INFO] CWD: /vast/palmer/home.mccleary/op98/protein_design/mGLI-pp_Oleksii/src/data/data_processing
[INFO] Writing to: /vast/palmer/home.mccleary/op98/protein_design/mGLI-pp_Oleksii/src/data/data_processing/all_pdb_sasa.txt
[1/2839] 1a22.ent.pdb
[2/2839] 1a2k.ent.pdb
[3/2839] 1a3b.ent.pdb
[4/2839] 1a4y.ent.pdb
[5/2839] 1acb.ent.pdb
[6/2839] 1ahw.ent.pdb
[7/2839] 1ak4.ent.pdb
[8/2839] 1akj.ent.pdb
[9/2839] 1an1.ent.pdb
[10/2839] 1atn.ent.pdb
[11/2839] 1ava.ent.pdb
[12/2839] 1avg.ent.pdb
[13/2839] 1avx.ent.pdb
[14/2839] 1avz.ent.pdb
[15/2839] 1axi.ent.pdb
[16/2839] 1ay7.ent.pdb
[17/2839] 1azz.ent.pdb
[18/2839] 1b27.ent.pdb
[19/2839] 1b2s.ent.pdb
[20/2839] 1b2u.ent.pdb
[21/2839] 1b3s.ent.pdb
[22/2839] 1b6c.ent.pdb
[23/2839] 1bj1.ent.pdb
[24/2839] 1bql.ent.pdb
[25/2839] 1brs.ent.pdb
[26/2839] 1bth.ent.pdb
[27/2839] 1buh.ent.pdb
[28/2839] 1bvk.ent.pdb
[29/2839] 1bvn.ent.pdb
[30/2839] 1c9p.ent.pdb
[31/2839] 1c9t.ent.pdb
[32/2839] 1ca0.ent.pdb
[33/2839] 1cbw.ent.pdb
[34/2839] 1clv.ent.pdb
[35/2839] 1cmx.ent.pdb
[36/2839] 1cn4.ent.pdb
[37/2839] 1cz8.ent.pdb
[38/2839] 1d6r.ent.pdb
[39/2839] 1de4.ent.pdb
[40/2839] 1dee.ent.pdb
[41/2839] 1dfj.ent.pdb
[42/2839] 1dhk.ent.pdb
[43/2839] 1dit.ent.pdb
[44/2839] 1djs.ent.pdb
[45/2839] 1dp5.ent.pdb
[46/2839] 1dpj.ent.pdb
[47/2839] 1dqj.ent.pdb
[48/2839] 1du3.ent.pdb
[49/2839] 1dzb.ent.pdb
[50/2839] 1e3u.ent.pdb
[51/2839] 1e4k.ent.pdb
[52/2839] 1e6e.ent.pdb
[53/2839] 1e6j.ent.pdb
[54/2839] 1e96.ent.pdb
[55/2839] 1eaw.ent.pdb
[56/2839] 1eer.ent.pdb
[57/2839] 1ees.ent.pdb
[58/2839] 1efn.ent.pdb
[59/2839] 1efx.ent.pdb
[60/2839] 1eja.ent.pdb
[61/2839] 1emv.ent.pdb
[62/2839] 1eo8.ent.pdb
[63/2839] 1es0.ent.pdb
[64/2839] 1ewy.ent.pdb
[65/2839] 1ezs.ent.pdb
[66/2839] 1ezu.ent.pdb
[67/2839] 1f34.ent.pdb
[68/2839] 1f3v.ent.pdb
[69/2839] 1f5r.ent.pdb
[70/2839] 1f7z.ent.pdb
[71/2839] 1fak.ent.pdb
[72/2839] 1fc2.ent.pdb
[73/2839] 1fe8.ent.pdb
[74/2839] 1ffw.ent.pdb
[75/2839] 1ffx.ent.pdb
[76/2839] 1fg9.ent.pdb
[77/2839] 1fle.ent.pdb
[78/2839] 1flt.ent.pdb
[79/2839] 1fmo.ent.pdb
[80/2839] 1fqj.ent.pdb
[81/2839] 1fsk.ent.pdb
[82/2839] 1fy8.ent.pdb
[83/2839] 1g0v.ent.pdb
[84/2839] 1g5j.ent.pdb
[85/2839] 1g6v.ent.pdb
[86/2839] 1g9i.ent.pdb
[87/2839] 1gcq.ent.pdb
[88/2839] 1gl0.ent.pdb
[89/2839] 1gl1.ent.pdb
[90/2839] 1gla.ent.pdb
[91/2839] 1gng.ent.pdb
[92/2839] 1go4.ent.pdb
[93/2839] 1gpw.ent.pdb
[94/2839] 1grn.ent.pdb
[95/2839] 1gua.ent.pdb
[96/2839] 1gxd.ent.pdb
[97/2839] 1h0t.ent.pdb
